Archive member included to satisfy reference by file (symbol)

c:/program files (x86)/atmel/studio/7.0/toolchain/avr8/avr8-gnu-toolchain/bin/../lib/gcc/avr/5.4.0/../../../../avr/lib/avr5\libm.a(addsf3.o)
                              score.o (__addsf3)
c:/program files (x86)/atmel/studio/7.0/toolchain/avr8/avr8-gnu-toolchain/bin/../lib/gcc/avr/5.4.0/../../../../avr/lib/avr5\libm.a(addsf3x.o)
                              c:/program files (x86)/atmel/studio/7.0/toolchain/avr8/avr8-gnu-toolchain/bin/../lib/gcc/avr/5.4.0/../../../../avr/lib/avr5\libm.a(addsf3.o) (__addsf3x)
c:/program files (x86)/atmel/studio/7.0/toolchain/avr8/avr8-gnu-toolchain/bin/../lib/gcc/avr/5.4.0/../../../../avr/lib/avr5\libm.a(fixsfsi.o)
                              score.o (__fixsfsi)
c:/program files (x86)/atmel/studio/7.0/toolchain/avr8/avr8-gnu-toolchain/bin/../lib/gcc/avr/5.4.0/../../../../avr/lib/avr5\libm.a(fixunssfsi.o)
                              game.o (__fixunssfsi)
c:/program files (x86)/atmel/studio/7.0/toolchain/avr8/avr8-gnu-toolchain/bin/../lib/gcc/avr/5.4.0/../../../../avr/lib/avr5\libm.a(floatsisf.o)
                              game.o (__floatunsisf)
c:/program files (x86)/atmel/studio/7.0/toolchain/avr8/avr8-gnu-toolchain/bin/../lib/gcc/avr/5.4.0/../../../../avr/lib/avr5\libm.a(fp_inf.o)
                              c:/program files (x86)/atmel/studio/7.0/toolchain/avr8/avr8-gnu-toolchain/bin/../lib/gcc/avr/5.4.0/../../../../avr/lib/avr5\libm.a(addsf3x.o) (__fp_inf)
c:/program files (x86)/atmel/studio/7.0/toolchain/avr8/avr8-gnu-toolchain/bin/../lib/gcc/avr/5.4.0/../../../../avr/lib/avr5\libm.a(fp_nan.o)
                              c:/program files (x86)/atmel/studio/7.0/toolchain/avr8/avr8-gnu-toolchain/bin/../lib/gcc/avr/5.4.0/../../../../avr/lib/avr5\libm.a(addsf3x.o) (__fp_nan)
c:/program files (x86)/atmel/studio/7.0/toolchain/avr8/avr8-gnu-toolchain/bin/../lib/gcc/avr/5.4.0/../../../../avr/lib/avr5\libm.a(fp_pscA.o)
                              c:/program files (x86)/atmel/studio/7.0/toolchain/avr8/avr8-gnu-toolchain/bin/../lib/gcc/avr/5.4.0/../../../../avr/lib/avr5\libm.a(addsf3x.o) (__fp_pscA)
c:/program files (x86)/atmel/studio/7.0/toolchain/avr8/avr8-gnu-toolchain/bin/../lib/gcc/avr/5.4.0/../../../../avr/lib/avr5\libm.a(fp_pscB.o)
                              c:/program files (x86)/atmel/studio/7.0/toolchain/avr8/avr8-gnu-toolchain/bin/../lib/gcc/avr/5.4.0/../../../../avr/lib/avr5\libm.a(addsf3x.o) (__fp_pscB)
c:/program files (x86)/atmel/studio/7.0/toolchain/avr8/avr8-gnu-toolchain/bin/../lib/gcc/avr/5.4.0/../../../../avr/lib/avr5\libm.a(fp_round.o)
                              c:/program files (x86)/atmel/studio/7.0/toolchain/avr8/avr8-gnu-toolchain/bin/../lib/gcc/avr/5.4.0/../../../../avr/lib/avr5\libm.a(addsf3.o) (__fp_round)
c:/program files (x86)/atmel/studio/7.0/toolchain/avr8/avr8-gnu-toolchain/bin/../lib/gcc/avr/5.4.0/../../../../avr/lib/avr5\libm.a(fp_split3.o)
                              c:/program files (x86)/atmel/studio/7.0/toolchain/avr8/avr8-gnu-toolchain/bin/../lib/gcc/avr/5.4.0/../../../../avr/lib/avr5\libm.a(addsf3x.o) (__fp_split3)
c:/program files (x86)/atmel/studio/7.0/toolchain/avr8/avr8-gnu-toolchain/bin/../lib/gcc/avr/5.4.0/../../../../avr/lib/avr5\libm.a(fp_zero.o)
                              c:/program files (x86)/atmel/studio/7.0/toolchain/avr8/avr8-gnu-toolchain/bin/../lib/gcc/avr/5.4.0/../../../../avr/lib/avr5\libm.a(addsf3x.o) (__fp_zero)
c:/program files (x86)/atmel/studio/7.0/toolchain/avr8/avr8-gnu-toolchain/bin/../lib/gcc/avr/5.4.0/../../../../avr/lib/avr5\libm.a(log10.o)
                              score.o (log10)
c:/program files (x86)/atmel/studio/7.0/toolchain/avr8/avr8-gnu-toolchain/bin/../lib/gcc/avr/5.4.0/../../../../avr/lib/avr5\libm.a(log.o)
                              c:/program files (x86)/atmel/studio/7.0/toolchain/avr8/avr8-gnu-toolchain/bin/../lib/gcc/avr/5.4.0/../../../../avr/lib/avr5\libm.a(log10.o) (log)
c:/program files (x86)/atmel/studio/7.0/toolchain/avr8/avr8-gnu-toolchain/bin/../lib/gcc/avr/5.4.0/../../../../avr/lib/avr5\libm.a(mulsf3.o)
                              game.o (__mulsf3)
c:/program files (x86)/atmel/studio/7.0/toolchain/avr8/avr8-gnu-toolchain/bin/../lib/gcc/avr/5.4.0/../../../../avr/lib/avr5\libm.a(mulsf3x.o)
                              c:/program files (x86)/atmel/studio/7.0/toolchain/avr8/avr8-gnu-toolchain/bin/../lib/gcc/avr/5.4.0/../../../../avr/lib/avr5\libm.a(log.o) (__mulsf3x)
c:/program files (x86)/atmel/studio/7.0/toolchain/avr8/avr8-gnu-toolchain/bin/../lib/gcc/avr/5.4.0/../../../../avr/lib/avr5\libm.a(fp_mpack.o)
                              c:/program files (x86)/atmel/studio/7.0/toolchain/avr8/avr8-gnu-toolchain/bin/../lib/gcc/avr/5.4.0/../../../../avr/lib/avr5\libm.a(log.o) (__fp_mpack)
c:/program files (x86)/atmel/studio/7.0/toolchain/avr8/avr8-gnu-toolchain/bin/../lib/gcc/avr/5.4.0/../../../../avr/lib/avr5\libm.a(fp_powser.o)
[...]
Memory Configuration

Name             Origin             Length             Attributes
text             0x00000000         0x00020000         xr
data             0x00800060         0x0000ffa0         rw !x
eeprom           0x00810000         0x00010000         rw !x
fuse             0x00820000         0x00000003         rw !x
lock             0x00830000         0x00000400         rw !x
signature        0x00840000         0x00000400         rw !x
user_signatures  0x00850000         0x00000400         rw !x
*default*        0x00000000         0xffffffff

Linker script and memory map

Address of section .data set to 0x800100
LOAD C:/Program Files (x86)/Atmel/Studio/7.0/Packs/atmel/ATmega_DFP/1.2.132/gcc/dev/atmega324a/avr5/crtatmega324a.o
LOAD buttons.o
LOAD Buzzer.o
LOAD EEPROM_Game_Save.o
LOAD EEPROM_HighScore.o
LOAD food.o
LOAD game.o
LOAD ledmatrix.o
LOAD position.o
LOAD project.o
LOAD rat.o
LOAD score.o
LOAD scrolling_char_display.o
LOAD serialio.o
LOAD snake.o
LOAD spi.o
LOAD SuperFood.o
LOAD terminalio.o
LOAD timer0.o
LOAD timer1.o
START GROUP
LOAD c:/program files (x86)/atmel/studio/7.0/toolchain/avr8/avr8-gnu-toolchain/bin/../lib/gcc/avr/5.4.0/../../../../avr/lib/avr5\libm.a
END GROUP
START GROUP
LOAD c:/program files (x86)/atmel/studio/7.0/toolchain/avr8/avr8-gnu-toolchain/bin/../lib/gcc/avr/5.4.0/avr5\libgcc.a
LOAD c:/program files (x86)/atmel/studio/7.0/toolchain/avr8/avr8-gnu-toolchain/bin/../lib/gcc/avr/5.4.0/../../../../avr/lib/avr5\libm.a
LOAD c:/program files (x86)/atmel/studio/7.0/toolchain/avr8/avr8-gnu-toolchain/bin/../lib/gcc/avr/5.4.0/../../../../avr/lib/avr5\libc.a
LOAD C:/Program Files (x86)/Atmel/Studio/7.0/Packs/atmel/ATmega_DFP/1.2.132/gcc/dev/atmega324a/avr5\libatmega324a.a
END GROUP
                0x00020000                __TEXT_REGION_LENGTH__ = DEFINED (__TEXT_REGION_LENGTH__)?__TEXT_REGION_LENGTH__:0x20000
                0x0000ffa0                __DATA_REGION_LENGTH__ = DEFINED (__DATA_REGION_LENGTH__)?__DATA_REGION_LENGTH__:0xffa0
                0x00010000                __EEPROM_REGION_LENGTH__ = DEFINED (__EEPROM_REGION_LENGTH__)?__EEPROM_REGION_LENGTH__:0x10000
                [0x00000003]                __FUSE_REGION_LENGTH__ = DEFINED (__FUSE_REGION_LENGTH__)?__FUSE_REGION_LENGTH__:0x400
                0x00000400                __LOCK_REGION_LENGTH__ = DEFINED (__LOCK_REGION_LENGTH__)?__LOCK_REGION_LENGTH__:0x400
                0x00000400                __SIGNATURE_REGION_LENGTH__ = DEFINED (__SIGNATURE_REGION_LENGTH__)?__SIGNATURE_REGION_LENGTH__:0x400
                0x00000400                __USER_SIGNATURE_REGION_LENGTH__ = DEFINED (__USER_SIGNATURE_REGION_LENGTH__)?__USER_SIGNATURE_REGION_LENGTH__:0x400

.hash
 *(.hash)

.dynsym
 *(.dynsym)

.dynstr
 *(.dynstr)

.gnu.version
 *(.gnu.version)

.gnu.version_d
 *(.gnu.version_d)

.gnu.version_r
 *(.gnu.version_r)

.rel.init
 *(.rel.init)

.rela.init
 *(.rela.init)

.rel.text
 *(.rel.text)
 *(.rel.text.*)
 *(.rel.gnu.linkonce.t*)

.rela.text
 *(.rela.text)
 *(.rela.text.*)
 *(.rela.gnu.linkonce.t*)

.rel.fini
 *(.rel.fini)

.rela.fini
 *(.rela.fini)

.rel.rodata
 *(.rel.rodata)
 *(.rel.rodata.*)
 *(.rel.gnu.linkonce.r*)

.rela.rodata
 *(.rela.rodata)
 *(.rela.rodata.*)
 *(.rela.gnu.linkonce.r*)

.rel.data
 *(.rel.data)
 *(.rel.data.*)
 *(.rel.gnu.linkonce.d*)

.rela.data
 *(.rela.data)
 *(.rela.data.*)
 *(.rela.gnu.linkonce.d*)

.rel.ctors
 *(.rel.ctors)

.rela.ctors
 *(.rela.ctors)

.rel.dtors
 *(.rel.dtors)

.rela.dtors
 *(.rela.dtors)

.rel.got
 *(.rel.got)

.rela.got
 *(.rela.got)

.rel.bss
 *(.rel.bss)

.rela.bss
 *(.rela.bss)

.rel.plt
 *(.rel.plt)

.rela.plt
 *(.rela.plt)

.text           0x00000000     0x3060
 *(.vectors)
 .vectors       0x00000000       0x7c C:/Program Files (x86)/Atmel/Studio/7.0/Packs/atmel/ATmega_DFP/1.2.132/gcc/dev/atmega324a/avr5/crtatmega324a.o
                0x00000000                __vector_default
                0x00000000                __vectors
 *(.vectors)
 *(.progmem.gcc*)
                0x0000007c                . = ALIGN (0x2)
                0x0000007c                __trampolines_start = .
 *(.trampolines)
 .trampolines   0x0000007c        0x0 linker stubs
 *(.trampolines*)
                0x0000007c                __trampolines_end = .
 *libprintf_flt.a:*(.progmem.data)
 *libc.a:*(.progmem.data)
 *(.progmem*)
 .progmem.data.__c.2171
                0x0000007c       0x12 EEPROM_HighScore.o
 .progmem.data.__c.2568
                0x0000008e       0x1e project.o
 .progmem.data.__c.2566
                0x000000ac        0xa project.o
 .progmem.data.numbers
                0x000000b6       0x14 scrolling_char_display.o
 .progmem.data.letters
                0x000000ca       0x34 scrolling_char_display.o
 .progmem.data.cols_9
                0x000000fe        0x4 scrolling_char_display.o
 .progmem.data.cols_8
                0x00000102        0x4 scrolling_char_display.o
 .progmem.data.cols_7
                0x00000106        0x4 scrolling_char_display.o
 .progmem.data.cols_6
                0x0000010a        0x4 scrolling_char_display.o
 .progmem.data.cols_5
                0x0000010e        0x4 scrolling_char_display.o
 .progmem.data.cols_4
                0x00000112        0x4 scrolling_char_display.o
 .progmem.data.cols_3
                0x00000116        0x4 scrolling_char_display.o
 .progmem.data.cols_2
                0x0000011a        0x4 scrolling_char_display.o
 .progmem.data.cols_1
                0x0000011e        0x3 scrolling_char_display.o
 .progmem.data.cols_0
                0x00000121        0x4 scrolling_char_display.o
 .progmem.data.cols_Z
                0x00000125        0x5 scrolling_char_display.o
 .progmem.data.cols_Y
                0x0000012a        0x5 scrolling_char_display.o
 .progmem.data.cols_X
                0x0000012f        0x5 scrolling_char_display.o
 .progmem.data.cols_W
                0x00000134        0x5 scrolling_char_display.o
 .progmem.data.cols_V
                0x00000139        0x5 scrolling_char_display.o
 .progmem.data.cols_U
                0x0000013e        0x4 scrolling_char_display.o
 .progmem.data.cols_T
                0x00000142        0x5 scrolling_char_display.o
 .progmem.data.cols_S
                0x00000147        0x4 scrolling_char_display.o
 .progmem.data.cols_R
                0x0000014b        0x4 scrolling_char_display.o
 .progmem.data.cols_Q
                0x0000014f        0x5 scrolling_char_display.o
 .progmem.data.cols_P
                0x00000154        0x4 scrolling_char_display.o
 .progmem.data.cols_O
                0x00000158        0x4 scrolling_char_display.o
 .progmem.data.cols_N
                0x0000015c        0x4 scrolling_char_display.o
 .progmem.data.cols_M
                0x00000160        0x5 scrolling_char_display.o
 .progmem.data.cols_L
                0x00000165        0x4 scrolling_char_display.o
 .progmem.data.cols_K
                0x00000169        0x4 scrolling_char_display.o
 .progmem.data.cols_J
                0x0000016d        0x4 scrolling_char_display.o
 .progmem.data.cols_I
                0x00000171        0x3 scrolling_char_display.o
 .progmem.data.cols_H
                0x00000174        0x4 scrolling_char_display.o
 .progmem.data.cols_G
                0x00000178        0x4 scrolling_char_display.o
 .progmem.data.cols_F
                0x0000017c        0x4 scrolling_char_display.o
 .progmem.data.cols_E
                0x00000180        0x4 scrolling_char_display.o
 .progmem.data.cols_D
                0x00000184        0x4 scrolling_char_display.o
 .progmem.data.cols_C
                0x00000188        0x4 scrolling_char_display.o
 .progmem.data.cols_B
                0x0000018c        0x4 scrolling_char_display.o
 .progmem.data.cols_A
                0x00000190        0x4 scrolling_char_display.o
 .progmem.data.__c.2114
                0x00000194       0x2a terminalio.o
 .progmem.data.__c.2112
                0x000001be        0x6 terminalio.o
 .progmem.data.__c.2066
                0x000001c4        0x7 terminalio.o
 .progmem.data.__c.2062
                0x000001cb        0x7 terminalio.o
 .progmem.data.__c.2058
                0x000001d2        0x6 terminalio.o
 .progmem.data.__c.2048
                0x000001d8        0x5 terminalio.o
 .progmem.data.__c.2033
                0x000001dd        0x9 terminalio.o
                0x000001e6                . = ALIGN (0x2)
 *(.jumptables)
 *(.jumptables*)
 *(.lowtext)
 *(.lowtext*)
                0x000001e6                __ctors_start = .
 *(.ctors)
                0x000001e6                __ctors_end = .
                0x000001e6                __dtors_start = .
 *(.dtors)
                0x000001e6                __dtors_end = .
 SORT(*)(.ctors)
 SORT(*)(.dtors)
 *(.init0)
 .init0         0x000001e6        0x0 C:/Program Files (x86)/Atmel/Studio/7.0/Packs/atmel/ATmega_DFP/1.2.132/gcc/dev/atmega324a/avr5/crtatmega324a.o
                0x000001e6                __init
 *(.init0)
 *(.init1)
 *(.init1)
 *(.init2)
 .init2         0x000001e6        0xc C:/Program Files (x86)/Atmel/Studio/7.0/Packs/atmel/ATmega_DFP/1.2.132/gcc/dev/atmega324a/avr5/crtatmega324a.o
 *(.init2)
 *(.init3)
 *(.init3)
 *(.init4)
 .init4         0x000001f2       0x16 c:/program files (x86)/atmel/studio/7.0/toolchain/avr8/avr8-gnu-toolchain/bin/../lib/gcc/avr/5.4.0/avr5\libgcc.a(_copy_data.o)
                0x000001f2                __do_copy_data
 .init4         0x00000208       0x10 c:/program files (x86)/atmel/studio/7.0/toolchain/avr8/avr8-gnu-toolchain/bin/../lib/gcc/avr/5.4.0/avr5\libgcc.a(_clear_bss.o)
                0x00000208                __do_clear_bss
 *(.init4)
 *(.init5)
 *(.init5)
 *(.init6)
 *(.init6)
 *(.init7)
 *(.init7)
 *(.init8)
 *(.init8)
 *(.init9)
 .init9         0x00000218        0x8 C:/Program Files (x86)/Atmel/Studio/7.0/Packs/atmel/ATmega_DFP/1.2.132/gcc/dev/atmega324a/avr5/crtatmega324a.o
 *(.init9)
 *(.text)
 .text          0x00000220        0x4 C:/Program Files (x86)/Atmel/Studio/7.0/Packs/atmel/ATmega_DFP/1.2.132/gcc/dev/atmega324a/avr5/crtatmega324a.o
                0x00000220                __vector_22
                0x00000220                __vector_28
                0x00000220                __vector_1
                0x00000220                __vector_24
                0x00000220                __vector_12
                0x00000220                __bad_interrupt
                0x00000220                __vector_6
                0x00000220                __vector_3
                0x00000220                __vector_23
                0x00000220                __vector_30
                0x00000220                __vector_25
                0x00000220                __vector_11
                0x00000220                __vector_13
                0x00000220                __vector_17
                0x00000220                __vector_19
                0x00000220                __vector_7
                0x00000220                __vector_27
                0x00000220                __vector_4
                0x00000220                __vector_9
                0x00000220                __vector_2
                0x00000220                __vector_15
                0x00000220                __vector_29
                0x00000220                __vector_8
                0x00000220                __vector_26
                0x00000220                __vector_14
                0x00000220                __vector_10
                0x00000220                __vector_18
                0x00000224                . = ALIGN (0x2)
 *(.text.*)
 .text.init_button_interrupts
                0x00000224       0x1c buttons.o
                0x00000224                init_button_interrupts
 .text.empty_button_queue
                0x00000240        0x6 buttons.o
                0x00000240                empty_button_queue
 .text.button_pushed
                0x00000246       0x5a buttons.o
                0x00000246                button_pushed
 .text.__vector_5
                0x000002a0       0xa4 buttons.o
                0x000002a0                __vector_5
 .text.sound_effects_on_mode
                0x00000344        0xa Buzzer.o
                0x00000344                sound_effects_on_mode
 .text.buzzer_time_left
                0x0000034e       0x5a Buzzer.o
                0x0000034e                buzzer_time_left
 .text.next_buzzer_tone
                0x000003a8       0x56 Buzzer.o
                0x000003a8                next_buzzer_tone
 .text.reset_buzzer
                0x000003fe       0x10 Buzzer.o
                0x000003fe                reset_buzzer
 .text.play_start_game_sound_effect
                0x0000040e       0x58 Buzzer.o
                0x0000040e                play_start_game_sound_effect
 .text.play_eating_food_sound_effect
                0x00000466       0x50 Buzzer.o
                0x00000466                play_eating_food_sound_effect
 .text.last_tone_in_sequence
                0x000004b6       0x24 Buzzer.o
                0x000004b6                last_tone_in_sequence
 .text.handle_buzzer_loop
                0x000004da       0x2c Buzzer.o
                0x000004da                handle_buzzer_loop
 .text.EEPROM_has_saved_game
                0x00000506       0x1a EEPROM_Game_Save.o
                0x00000506                EEPROM_has_saved_game
 .text.save_game_to_EPPROM
                0x00000520      0x19c EEPROM_Game_Save.o
                0x00000520                save_game_to_EPPROM
 .text.add_food_to_board
                0x000006bc       0x36 EEPROM_Game_Save.o
                0x000006bc                add_food_to_board
 .text.load_rat_from_EEPROM
                0x000006f2       0x1c EEPROM_Game_Save.o
                0x000006f2                load_rat_from_EEPROM
 .text.load_superfood_from_EEPROM
                0x0000070e       0x1c EEPROM_Game_Save.o
                0x0000070e                load_superfood_from_EEPROM
 .text.load_snake_from_EPPROM
                0x0000072a       0x62 EEPROM_Game_Save.o
                0x0000072a                load_snake_from_EPPROM
 .text.new_game_from_EEPROM
                0x0000078c       0xc4 EEPROM_Game_Save.o
                0x0000078c                new_game_from_EEPROM
 .text.move_place_down
                0x00000850       0x50 EEPROM_HighScore.o
                0x00000850                move_place_down
 .text.move_four_place_down
                0x000008a0        0xa EEPROM_HighScore.o
                0x000008a0                move_four_place_down
 .text.move_three_place_down
                0x000008aa        0xe EEPROM_HighScore.o
                0x000008aa                move_three_place_down
 .text.move_two_place_down
                0x000008b8        0xe EEPROM_HighScore.o
                0x000008b8                move_two_place_down
 .text.move_one_place_down
                0x000008c6        0xe EEPROM_HighScore.o
                0x000008c6                move_one_place_down
 .text.initialise_EEPROM
                0x000008d4       0x96 EEPROM_HighScore.o
                0x000008d4                initialise_EEPROM
 .text.EEPROM_High_Score_has_been_initialised
                0x0000096a       0x1e EEPROM_HighScore.o
                0x0000096a                EEPROM_High_Score_has_been_initialised
 .text.is_high_score
                0x00000988       0x72 EEPROM_HighScore.o
                0x00000988                is_high_score
 .text.high_score_position
                0x000009fa      0x118 EEPROM_HighScore.o
                0x000009fa                high_score_position
 .text.handle_sequence_into_EEPFROM
                0x00000b12       0xa6 EEPROM_HighScore.o
                0x00000b12                handle_sequence_into_EEPFROM
 .text.set_high_score_name
                0x00000bb8       0xca EEPROM_HighScore.o
                0x00000bb8                set_high_score_name
 .text.display_EEPROM_high_score
                0x00000c82      0x1d0 EEPROM_HighScore.o
                0x00000c82                display_EEPROM_high_score
 .text.init_food
                0x00000e52        0x6 food.o
                0x00000e52                init_food
 .text.food_at  0x00000e58       0x34 food.o
                0x00000e58                food_at
 .text.is_food_at
                0x00000e8c       0x10 food.o
                0x00000e8c                is_food_at
 .text.add_food_item
                0x00000e9c       0xca food.o
                0x00000e9c                add_food_item
 .text.get_position_of_food
                0x00000f66        0xe food.o
                0x00000f66                get_position_of_food
 .text.remove_food
                0x00000f74       0x32 food.o
                0x00000f74                remove_food
 .text.update_display_at_position
                0x00000fa6       0x26 game.o
                0x00000fa6                update_display_at_position
 .text.init_game
                0x00000fcc       0x62 game.o
                0x00000fcc                init_game
 .text.increase_game_speed
                0x0000102e       0x38 game.o
                0x0000102e                increase_game_speed
 .text.attempt_to_move_snake_forward
                0x00001066       0xd0 game.o
                0x00001066                attempt_to_move_snake_forward
 .text.get_current_game_speed
                0x00001136        0xa game.o
                0x00001136                get_current_game_speed
 .text.set_game_speed
                0x00001140        0xa game.o
                0x00001140                set_game_speed
 .text.ledmatrix_setup
                0x0000114a        0x8 ledmatrix.o
                0x0000114a                ledmatrix_setup
 .text.ledmatrix_update_pixel
                0x00001152       0x3e ledmatrix.o
                0x00001152                ledmatrix_update_pixel
 .text.ledmatrix_update_column
                0x00001190       0x3a ledmatrix.o
                0x00001190                ledmatrix_update_column
 .text.ledmatrix_shift_display_left
                0x000011ca        0xe ledmatrix.o
                0x000011ca                ledmatrix_shift_display_left
 .text.ledmatrix_clear
                0x000011d8        0x8 ledmatrix.o
                0x000011d8                ledmatrix_clear
 .text.x_position
                0x000011e0        0x6 position.o
                0x000011e0                x_position
 .text.y_position
                0x000011e6        0x4 position.o
                0x000011e6                y_position
 .text.is_position_valid
                0x000011ea        0xc position.o
                0x000011ea                is_position_valid
 .text.position
                0x000011f6        0xe position.o
                0x000011f6                position
 .text.initialise_hardware
                0x00001204       0x1e project.o
                0x00001204                initialise_hardware
 .text.splash_screen
                0x00001222       0xcc project.o
                0x00001222                splash_screen
 .text.new_game
                0x000012ee       0x16 project.o
                0x000012ee                new_game
 .text.play_game
                0x00001304      0x218 project.o
                0x00001304                play_game
 .text.handle_game_over
                0x0000151c       0x82 project.o
                0x0000151c                handle_game_over
 .text.main     0x0000159e       0x34 project.o
                0x0000159e                main
 .text.get_rat_position
                0x000015d2        0x6 rat.o
                0x000015d2                get_rat_position
 .text.set_rat_at_pos
                0x000015d8       0x40 rat.o
                0x000015d8                set_rat_at_pos
 .text.is_item_at
                0x00001618       0x32 rat.o
                0x00001618                is_item_at
 .text.move_rat
                0x0000164a       0xe2 rat.o
                0x0000164a                move_rat
 .text.is_rat_at
                0x0000172c        0xe rat.o
                0x0000172c                is_rat_at
 .text.add_new_rat_position
                0x0000173a       0xc6 rat.o
                0x0000173a                add_new_rat_position
 .text.is_time_to_move_rat
                0x00001800       0x24 rat.o
                0x00001800                is_time_to_move_rat
 .text.init_score
                0x00001824       0x12 score.o
                0x00001824                init_score
 .text.add_to_score
                0x00001836       0x2a score.o
                0x00001836                add_to_score
 .text.get_score
                0x00001860       0x12 score.o
                0x00001860                get_score
 .text.set_score
                0x00001872       0x12 score.o
                0x00001872                set_score
 .text.set_scrolling_display_text
                0x00001884       0x1e scrolling_char_display.o
                0x00001884                set_scrolling_display_text
 .text.scroll_display
                0x000018a2      0x184 scrolling_char_display.o
                0x000018a2                scroll_display
 .text.uart_put_char
                0x00001a26       0x70 serialio.o
 .text.uart_get_char
                0x00001a96       0x5c serialio.o
 .text.init_serial_stdio
                0x00001af2       0x8e serialio.o
                0x00001af2                init_serial_stdio
 .text.serial_input_available
                0x00001b80        0xe serialio.o
                0x00001b80                serial_input_available
 .text.clear_serial_input_buffer
                0x00001b8e        0xa serialio.o
                0x00001b8e                clear_serial_input_buffer
 .text.__vector_21
                0x00001b98       0x84 serialio.o
                0x00001b98                __vector_21
 .text.__vector_20
                0x00001c1c       0xa6 serialio.o
                0x00001c1c                __vector_20
 .text.init_snake
                0x00001cc2       0x42 snake.o
                0x00001cc2                init_snake
 .text.get_snake_head_position
                0x00001d04       0x12 snake.o
                0x00001d04                get_snake_head_position
 .text.reset_snake_drn
                0x00001d16        0xa snake.o
                0x00001d16                reset_snake_drn
 .text.get_snake_tail_position
                0x00001d20       0x12 snake.o
                0x00001d20                get_snake_tail_position
 .text.get_snake_length
                0x00001d32        0x6 snake.o
                0x00001d32                get_snake_length
 .text.get_snake_position_at_index
                0x00001d38        0xc snake.o
                0x00001d38                get_snake_position_at_index
 .text.set_snake_length
                0x00001d44        0x6 snake.o
                0x00001d44                set_snake_length
 .text.set_snake_position_in_array
                0x00001d4a        0xc snake.o
                0x00001d4a                set_snake_position_in_array
 .text.set_snake_head_pointer
                0x00001d56        0x6 snake.o
                0x00001d56                set_snake_head_pointer
 .text.set_snake_tail_pointer
                0x00001d5c        0x6 snake.o
                0x00001d5c                set_snake_tail_pointer
 .text.get_snake_head_index
                0x00001d62        0x6 snake.o
                0x00001d62                get_snake_head_index
 .text.get_snake_tail_index
                0x00001d68        0x6 snake.o
                0x00001d68                get_snake_tail_index
 .text.get_current_drn
                0x00001d6e        0x6 snake.o
                0x00001d6e                get_current_drn
 .text.advance_snake_tail
                0x00001d74       0x2e snake.o
                0x00001d74                advance_snake_tail
 .text.set_snake_dirn
                0x00001da2       0x3c snake.o
                0x00001da2                set_snake_dirn
 .text.is_snake_at
                0x00001dde       0x46 snake.o
                0x00001dde                is_snake_at
 .text.advance_snake_head
                0x00001e24      0x156 snake.o
                0x00001e24                advance_snake_head
 .text.spi_setup_master
                0x00001f7a       0x50 spi.o
                0x00001f7a                spi_setup_master
 .text.spi_send_byte
                0x00001fca        0xc spi.o
                0x00001fca                spi_send_byte
 .text.load_superfood
                0x00001fd6        0xc SuperFood.o
                0x00001fd6                load_superfood
 .text.superfood_is_on_board
                0x00001fe2        0x6 SuperFood.o
                0x00001fe2                superfood_is_on_board
 .text.time_to_add_superfood
                0x00001fe8       0x2c SuperFood.o
                0x00001fe8                time_to_add_superfood
 .text.time_to_remove_superfood
                0x00002014       0x20 SuperFood.o
                0x00002014                time_to_remove_superfood
 .text.remove_superfood_from_board
                0x00002034       0x30 SuperFood.o
                0x00002034                remove_superfood_from_board
 .text.eat_superfood_from_board
                0x00002064       0x12 SuperFood.o
                0x00002064                eat_superfood_from_board
 .text.get_superfood_position
                0x00002076        0x6 SuperFood.o
                0x00002076                get_superfood_position
 .text.is_superfood_at
                0x0000207c       0x1a SuperFood.o
                0x0000207c                is_superfood_at
 .text.add_superfood_to_board
                0x00002096       0xd4 SuperFood.o
                0x00002096                add_superfood_to_board
 .text.move_cursor
                0x0000216a       0x32 terminalio.o
                0x0000216a                move_cursor
 .text.clear_terminal
                0x0000219c       0x12 terminalio.o
                0x0000219c                clear_terminal
 .text.set_display_attribute
                0x000021ae       0x1a terminalio.o
                0x000021ae                set_display_attribute
 .text.hide_cursor
                0x000021c8       0x12 terminalio.o
                0x000021c8                hide_cursor
 .text.show_cursor
                0x000021da       0x12 terminalio.o
                0x000021da                show_cursor
 .text.display_start_terminal_screen
                0x000021ec       0x42 terminalio.o
                0x000021ec                display_start_terminal_screen
 .text.init_score_on_terminal
                0x0000222e       0x36 terminalio.o
                0x0000222e                init_score_on_terminal
 .text.update_terminal_score
                0x00002264       0x32 terminalio.o
                0x00002264                update_terminal_score
 .text.init_timer0
                0x00002296       0x30 timer0.o
                0x00002296                init_timer0
 .text.toggle_timer_clock
                0x000022c6        0xe timer0.o
                0x000022c6                toggle_timer_clock
 .text.timer_is_paused
                0x000022d4       0x12 timer0.o
                0x000022d4                timer_is_paused
 .text.get_clock_ticks
                0x000022e6       0x1c timer0.o
                0x000022e6                get_clock_ticks
 .text.set_clock_ticks
                0x00002302       0x1c timer0.o
                0x00002302                set_clock_ticks
 .text.display_SSD_value
                0x0000231e       0x62 timer0.o
                0x0000231e                display_SSD_value
 .text.__vector_16
                0x00002380       0x76 timer0.o
                0x00002380                __vector_16
 .text.initialise_timer_one
                0x000023f6       0x2a timer1.o
                0x000023f6                initialise_timer_one
 .text.change_OCR1A
                0x00002420        0xa timer1.o
                0x00002420                change_OCR1A
 .text.enable_timer_one
                0x0000242a        0x4 timer1.o
                0x0000242a                enable_timer_one
 .text.avr-libc.fplib
                0x0000242e       0x5e c:/program files (x86)/atmel/studio/7.0/toolchain/avr8/avr8-gnu-toolchain/bin/../lib/gcc/avr/5.4.0/../../../../avr/lib/avr5\libm.a(fixunssfsi.o)
                0x0000242e                __fixunssfsi
 .text.avr-libc.fplib
                0x0000248c       0x7a c:/program files (x86)/atmel/studio/7.0/toolchain/avr8/avr8-gnu-toolchain/bin/../lib/gcc/avr/5.4.0/../../../../avr/lib/avr5\libm.a(floatsisf.o)
                0x0000248c                __floatunsisf
                0x00002490                __floatsisf
 .text.avr-libc.fplib
                0x00002506        0xc c:/program files (x86)/atmel/studio/7.0/toolchain/avr8/avr8-gnu-toolchain/bin/../lib/gcc/avr/5.4.0/../../../../avr/lib/avr5\libm.a(fp_inf.o)
                0x00002506                __fp_inf
 .text.avr-libc.fplib
                0x00002512        0x6 c:/program files (x86)/atmel/studio/7.0/toolchain/avr8/avr8-gnu-toolchain/bin/../lib/gcc/avr/5.4.0/../../../../avr/lib/avr5\libm.a(fp_nan.o)
                0x00002512                __fp_nan
 .text.avr-libc.fplib
                0x00002518        0xe c:/program files (x86)/atmel/studio/7.0/toolchain/avr8/avr8-gnu-toolchain/bin/../lib/gcc/avr/5.4.0/../../../../avr/lib/avr5\libm.a(fp_pscA.o)
                0x00002518                __fp_pscA
 .text.avr-libc.fplib
                0x00002526        0xe c:/program files (x86)/atmel/studio/7.0/toolchain/avr8/avr8-gnu-toolchain/bin/../lib/gcc/avr/5.4.0/../../../../avr/lib/avr5\libm.a(fp_pscB.o)
                0x00002526                __fp_pscB
 .text.avr-libc.fplib
                0x00002534       0x22 c:/program files (x86)/atmel/studio/7.0/toolchain/avr8/avr8-gnu-toolchain/bin/../lib/gcc/avr/5.4.0/../../../../avr/lib/avr5\libm.a(fp_round.o)
                0x00002534                __fp_round
 .text.avr-libc.fplib
                0x00002556       0x44 c:/program files (x86)/atmel/studio/7.0/toolchain/avr8/avr8-gnu-toolchain/bin/../lib/gcc/avr/5.4.0/../../../../avr/lib/avr5\libm.a(fp_split3.o)
                0x00002556                __fp_split3
                0x00002566                __fp_splitA
 .text.avr-libc.fplib
                0x0000259a        0xe c:/program files (x86)/atmel/studio/7.0/toolchain/avr8/avr8-gnu-toolchain/bin/../lib/gcc/avr/5.4.0/../../../../avr/lib/avr5\libm.a(fp_zero.o)
                0x0000259a                __fp_zero
                0x0000259c                __fp_szero
 .text.avr-libc.fplib
                0x000025a8        0x8 c:/program files (x86)/atmel/studio/7.0/toolchain/avr8/avr8-gnu-toolchain/bin/../lib/gcc/avr/5.4.0/../../../../avr/lib/avr5\libm.a(mulsf3.o)
                0x000025a8                __mulsf3
 .text.avr-libc.fplib
                0x000025b0       0xd2 c:/program files (x86)/atmel/studio/7.0/toolchain/avr8/avr8-gnu-toolchain/bin/../lib/gcc/avr/5.4.0/../../../../avr/lib/avr5\libm.a(mulsf3x.o)
                0x000025ce                __mulsf3x
                0x000025d4                __mulsf3_pse
 .text.libgcc.div
                0x00002682       0x44 c:/program files (x86)/atmel/studio/7.0/toolchain/avr8/avr8-gnu-toolchain/bin/../lib/gcc/avr/5.4.0/avr5\libgcc.a(_udivmodsi4.o)
                0x00002682                __udivmodsi4
 .text.libgcc.div
                0x000026c6       0x2e c:/program files (x86)/atmel/studio/7.0/toolchain/avr8/avr8-gnu-toolchain/bin/../lib/gcc/avr/5.4.0/avr5\libgcc.a(_divmodsi4.o)
                0x000026c6                __divmodsi4
 .text.libgcc.div
                0x000026f4       0x10 c:/program files (x86)/atmel/studio/7.0/toolchain/avr8/avr8-gnu-toolchain/bin/../lib/gcc/avr/5.4.0/avr5\libgcc.a(_negsi2.o)
                0x000026f4                __negsi2
 .text.avr-libc
                0x00002704       0xb8 c:/program files (x86)/atmel/studio/7.0/toolchain/avr8/avr8-gnu-toolchain/bin/../lib/gcc/avr/5.4.0/../../../../avr/lib/avr5\libc.a(rand.o)
                0x00002796                rand_r
                0x0000279c                rand
                0x000027a6                srand
 .text.avr-libc
                0x000027bc      0x144 c:/program files (x86)/atmel/studio/7.0/toolchain/avr8/avr8-gnu-toolchain/bin/../lib/gcc/avr/5.4.0/../../../../avr/lib/avr5\libc.a(random.o)
                0x000027bc                random_r
                0x00002852                random
                0x000028ee                srandom
 .text.avr-libc
                0x00002900       0x7c c:/program files (x86)/atmel/studio/7.0/toolchain/avr8/avr8-gnu-toolchain/bin/../lib/gcc/avr/5.4.0/../../../../avr/lib/avr5\libc.a(fgetc.o)
                0x00002900                fgetc
 .text.avr-libc
                0x0000297c       0x2c c:/program files (x86)/atmel/studio/7.0/toolchain/avr8/avr8-gnu-toolchain/bin/../lib/gcc/avr/5.4.0/../../../../avr/lib/avr5\libc.a(printf.o)
                0x0000297c                printf
 .text.avr-libc
                0x000029a8       0x4c c:/program files (x86)/atmel/studio/7.0/toolchain/avr8/avr8-gnu-toolchain/bin/../lib/gcc/avr/5.4.0/../../../../avr/lib/avr5\libc.a(printf_p.o)
                0x000029a8                printf_P
 .text.avr-libc
                0x000029f4        0xe c:/program files (x86)/atmel/studio/7.0/toolchain/avr8/avr8-gnu-toolchain/bin/../lib/gcc/avr/5.4.0/../../../../avr/lib/avr5\libc.a(putchar.o)
                0x000029f4                putchar
 .text.avr-libc
                0x00002a02      0x3c2 c:/program files (x86)/atmel/studio/7.0/toolchain/avr8/avr8-gnu-toolchain/bin/../lib/gcc/avr/5.4.0/../../../../avr/lib/avr5\libc.a(vfprintf_std.o)
                0x00002a02                vfprintf
 .text.avr-libc
                0x00002dc4       0x16 c:/program files (x86)/atmel/studio/7.0/toolchain/avr8/avr8-gnu-toolchain/bin/../lib/gcc/avr/5.4.0/../../../../avr/lib/avr5\libc.a(strnlen_P.o)
                0x00002dc4                strnlen_P
 .text.avr-libc
                0x00002dda       0x16 c:/program files (x86)/atmel/studio/7.0/toolchain/avr8/avr8-gnu-toolchain/bin/../lib/gcc/avr/5.4.0/../../../../avr/lib/avr5\libc.a(strnlen.o)
                0x00002dda                strnlen
 .text.avr-libc
                0x00002df0       0x78 c:/program files (x86)/atmel/studio/7.0/toolchain/avr8/avr8-gnu-toolchain/bin/../lib/gcc/avr/5.4.0/../../../../avr/lib/avr5\libc.a(fputc.o)
                0x00002df0                fputc
 .text.avr-libc
                0x00002e68       0xbc c:/program files (x86)/atmel/studio/7.0/toolchain/avr8/avr8-gnu-toolchain/bin/../lib/gcc/avr/5.4.0/../../../../avr/lib/avr5\libc.a(ultoa_invert.o)
                0x00002e68                __ultoa_invert
 .text.avr-libc
                0x00002f24       0x20 C:/Program Files (x86)/Atmel/Studio/7.0/Packs/atmel/ATmega_DFP/1.2.132/gcc/dev/atmega324a/avr5\libatmega324a.a(eerd_block.o)
                0x00002f24                eeprom_read_block
                0x00002f28                eeprom_read_blraw
 .text.avr-libc
                0x00002f44       0x10 C:/Program Files (x86)/Atmel/Studio/7.0/Packs/atmel/ATmega_DFP/1.2.132/gcc/dev/atmega324a/avr5\libatmega324a.a(eerd_byte.o)
                0x00002f44                eeprom_read_byte
 .text.avr-libc
                0x00002f54        0xc C:/Program Files (x86)/Atmel/Studio/7.0/Packs/atmel/ATmega_DFP/1.2.132/gcc/dev/atmega324a/avr5\libatmega324a.a(eerd_dword.o)
                0x00002f54                eeprom_read_float
                0x00002f54                eeprom_read_dword
 .text.avr-libc
                0x00002f60       0x14 C:/Program Files (x86)/Atmel/Studio/7.0/Packs/atmel/ATmega_DFP/1.2.132/gcc/dev/atmega324a/avr5\libatmega324a.a(eewr_block.o)
                0x00002f60                eeprom_write_block
 .text.avr-libc
                0x00002f74       0x1c C:/Program Files (x86)/Atmel/Studio/7.0/Packs/atmel/ATmega_DFP/1.2.132/gcc/dev/atmega324a/avr5\libatmega324a.a(eewr_byte.o)
                0x00002f74                eeprom_write_byte
                0x00002f76                eeprom_write_r18
 .text.avr-libc
                0x00002f90       0x10 C:/Program Files (x86)/Atmel/Studio/7.0/Packs/atmel/ATmega_DFP/1.2.132/gcc/dev/atmega324a/avr5\libatmega324a.a(eewr_dword.o)
                0x00002f90                eeprom_write_dword
                0x00002f90                eeprom_write_float
 .text.avr-libc
                0x00002fa0        0xa C:/Program Files (x86)/Atmel/Studio/7.0/Packs/atmel/ATmega_DFP/1.2.132/gcc/dev/atmega324a/avr5\libatmega324a.a(eewr_word.o)
                0x00002fa0                eeprom_write_word
 .text.libgcc.mul
                0x00002faa       0x16 c:/program files (x86)/atmel/studio/7.0/toolchain/avr8/avr8-gnu-toolchain/bin/../lib/gcc/avr/5.4.0/avr5\libgcc.a(_muluhisi3.o)
                0x00002faa                __muluhisi3
 .text.libgcc.mul
                0x00002fc0       0x10 c:/program files (x86)/atmel/studio/7.0/toolchain/avr8/avr8-gnu-toolchain/bin/../lib/gcc/avr/5.4.0/avr5\libgcc.a(_mulshisi3.o)
                0x00002fc0                __mulshisi3
                0x00002fc6                __mulohisi3
 .text.libgcc.prologue
                0x00002fd0       0x38 c:/program files (x86)/atmel/studio/7.0/toolchain/avr8/avr8-gnu-toolchain/bin/../lib/gcc/avr/5.4.0/avr5\libgcc.a(_prologue.o)
                0x00002fd0                __prologue_saves__
 .text.libgcc.prologue
                0x00003008       0x36 c:/program files (x86)/atmel/studio/7.0/toolchain/avr8/avr8-gnu-toolchain/bin/../lib/gcc/avr/5.4.0/avr5\libgcc.a(_epilogue.o)
                0x00003008                __epilogue_restores__
 .text.libgcc.mul
                0x0000303e       0x1e c:/program files (x86)/atmel/studio/7.0/toolchain/avr8/avr8-gnu-toolchain/bin/../lib/gcc/avr/5.4.0/avr5\libgcc.a(_umulhisi3.o)
                0x0000303e                __umulhisi3
                0x0000305c                . = ALIGN (0x2)
 *(.fini9)
 .fini9         0x0000305c        0x0 c:/program files (x86)/atmel/studio/7.0/toolchain/avr8/avr8-gnu-toolchain/bin/../lib/gcc/avr/5.4.0/avr5\libgcc.a(_exit.o)
                0x0000305c                _exit
                0x0000305c                exit
 *(.fini9)
 *(.fini8)
 *(.fini8)
 *(.fini7)
 *(.fini7)
 *(.fini6)
 *(.fini6)
 *(.fini5)
 *(.fini5)
 *(.fini4)
 *(.fini4)
 *(.fini3)
 *(.fini3)
 *(.fini2)
 *(.fini2)
 *(.fini1)
 *(.fini1)
 *(.fini0)
 .fini0         0x0000305c        0x4 c:/program files (x86)/atmel/studio/7.0/toolchain/avr8/avr8-gnu-toolchain/bin/../lib/gcc/avr/5.4.0/avr5\libgcc.a(_exit.o)
 *(.fini0)
                0x00003060                _etext = .

.data           0x00800100      0x11c load address 0x00003060
                0x00800100                PROVIDE (__data_start, .)
 *(.data)
 .data          0x00800100        0x4 c:/program files (x86)/atmel/studio/7.0/toolchain/avr8/avr8-gnu-toolchain/bin/../lib/gcc/avr/5.4.0/../../../../avr/lib/avr5\libc.a(rand.o)
 .data          0x00800104        0x4 c:/program files (x86)/atmel/studio/7.0/toolchain/avr8/avr8-gnu-toolchain/bin/../lib/gcc/avr/5.4.0/../../../../avr/lib/avr5\libc.a(random.o)
 *(.data*)
 .data.buzzer_pointer
                0x00800108        0x2 Buzzer.o
                0x00800108                buzzer_pointer
 .data.current_speed
                0x0080010a        0x2 game.o
 .data.RAT_WAIT_TIME
                0x0080010c        0x2 rat.o
                0x0080010c                RAT_WAIT_TIME
 .data.colour   0x0080010e        0x1 scrolling_char_display.o
 .data.myStream
                0x0080010f        0xe serialio.o
 .data.unpaused_game
                0x0080011d        0x1 timer0.o
 .data.seven_seg_for_ones
                0x0080011e        0xa timer0.o
                0x0080011e                seven_seg_for_ones
 .data.seven_seg_for_tens
                0x00800128        0xa timer0.o
                0x00800128                seven_seg_for_tens
 .data.SSD_CC_value
                0x00800132        0x1 timer0.o
                0x00800132                SSD_CC_value
 *(.rodata)
 *(.rodata*)
 .rodata.str1.1
                0x00800133       0xb2 EEPROM_HighScore.o
 .rodata.str1.1
                0x008001e5       0x1c project.o
 .rodata.str1.1
                0x00800201       0x1a terminalio.o
 *(.gnu.linkonce.d*)
                0x0080021c                . = ALIGN (0x2)
 *fill*         0x0080021b        0x1 
                0x0080021c                _edata = .
                0x0080021c                PROVIDE (__data_end, .)

.bss            0x0080021c      0x186
                0x0080021c                PROVIDE (__bss_start, .)
 *(.bss)
 *(.bss*)
 .bss.queue_length
                0x0080021c        0x1 buttons.o
 .bss.button_queue
                0x0080021d        0x8 buttons.o
 .bss.last_button_state
                0x00800225        0x1 buttons.o
 .bss.buzzer_time
                0x00800226        0x2 Buzzer.o
                0x00800226                buzzer_time
 .bss.current_high_score_name
                0x00800228        0x3 EEPROM_HighScore.o
 .bss.load_EEPROM_data_on_next_game
                0x0080022b        0x1 project.o
                0x0080022b                load_EEPROM_data_on_next_game
 .bss.score     0x0080022c        0x4 score.o
 .bss.shift_countdown.1854
                0x00800230        0x1 scrolling_char_display.o
 .bss.next_char_to_display
                0x00800231        0x2 scrolling_char_display.o
 .bss.display_string
                0x00800233        0x2 scrolling_char_display.o
 .bss.next_col_ptr
                0x00800235        0x2 scrolling_char_display.o
 .bss.do_echo   0x00800237        0x1 serialio.o
 .bss.nextSnakeDirn
                0x00800238        0x1 snake.o
 .bss.curSnakeDirn
                0x00800239        0x1 snake.o
 .bss.snakeTailIndex
                0x0080023a        0x1 snake.o
 .bss.snakeHeadIndex
                0x0080023b        0x1 snake.o
 .bss.snakeLength
                0x0080023c        0x1 snake.o
 .bss.snakePositions
                0x0080023d       0x21 snake.o
 .bss.clock_ticks
                0x0080025e        0x4 timer0.o
 *(COMMON)
 COMMON         0x00800262       0x1a Buzzer.o
                0x00800262                number_of_tones
                0x00800264                buzzer_OCR1A
                0x0080026e                buzzer_durations
                0x00800278                clock_at_tone_start
 COMMON         0x0080027c        0x9 EEPROM_Game_Save.o
                0x0080027c                numFoodItems
                0x0080027d                foodPositions
 COMMON         0x00800285        0x1 rat.o
                0x00800285                rat_position
 COMMON         0x00800286      0x114 serialio.o
                0x00800286                out_insert_pos
                0x00800287                bytes_in_out_buffer
                0x00800288                out_buffer
                0x00800387                input_insert_pos
                0x00800388                input_buffer
                0x00800398                input_overrun
                0x00800399                bytes_in_input_buffer
 COMMON         0x0080039a        0x2 SuperFood.o
                0x0080039a                superfood_position
                0x0080039b                superfood_on_board
 COMMON         0x0080039c        0x6 c:/program files (x86)/atmel/studio/7.0/toolchain/avr8/avr8-gnu-toolchain/bin/../lib/gcc/avr/5.4.0/../../../../avr/lib/avr5\libc.a(iob.o)
                0x0080039c                __iob
                0x008003a2                PROVIDE (__bss_end, .)
                0x00003060                __data_load_start = LOADADDR (.data)
                0x0000317c                __data_load_end = (__data_load_start + SIZEOF (.data))

.noinit         0x008003a2        0x0
                [!provide]                PROVIDE (__noinit_start, .)
 *(.noinit*)
                [!provide]                PROVIDE (__noinit_end, .)
                0x008003a2                _end = .
                [!provide]                PROVIDE (__heap_start, .)

.eeprom         0x00810000        0x0
 *(.eeprom*)
                0x00810000                __eeprom_end = .

.fuse
 *(.fuse)
 *(.lfuse)
 *(.hfuse)
 *(.efuse)

.lock
 *(.lock*)

.signature
 *(.signature*)

.user_signatures
 *(.user_signatures*)

.stab
 *(.stab)

.stabstr
 *(.stabstr)

.stab.excl
 *(.stab.excl)

.stab.exclstr
 *(.stab.exclstr)

.stab.index
 *(.stab.index)

.stab.indexstr
 *(.stab.indexstr)

.comment        0x00000000       0x5c
 *(.comment)
 .comment       0x00000000       0x30 buttons.o
                                 0x31 (size before relaxing)
 .comment       0x00000030       0x31 Buzzer.o
 .comment       0x00000030       0x31 EEPROM_Game_Save.o
 .comment       0x00000030       0x31 EEPROM_HighScore.o
 .comment       0x00000030       0x31 food.o
 .comment       0x00000030       0x31 game.o
 .comment       0x00000030       0x31 ledmatrix.o
 .comment       0x00000030       0x31 position.o
 .comment       0x00000030       0x31 project.o
 .comment       0x00000030       0x31 rat.o
 .comment       0x00000030       0x31 score.o
 .comment       0x00000030       0x31 scrolling_char_display.o
 .comment       0x00000030       0x31 serialio.o
 .comment       0x00000030       0x31 snake.o
 .comment       0x00000030       0x31 spi.o
 .comment       0x00000030       0x31 SuperFood.o
 .comment       0x00000030       0x31 terminalio.o
 .comment       0x00000030       0x31 timer0.o
 .comment       0x00000030       0x31 timer1.o
 .comment       0x00000030       0x31 c:/program files (x86)/atmel/studio/7.0/toolchain/avr8/avr8-gnu-toolchain/bin/../lib/gcc/avr/5.4.0/../../../../avr/lib/avr5\libc.a(rand.o)
 .comment       0x00000030       0x31 c:/program files (x86)/atmel/studio/7.0/toolchain/avr8/avr8-gnu-toolchain/bin/../lib/gcc/avr/5.4.0/../../../../avr/lib/avr5\libc.a(random.o)
 .comment       0x00000030       0x31 c:/program files (x86)/atmel/studio/7.0/toolchain/avr8/avr8-gnu-toolchain/bin/../lib/gcc/avr/5.4.0/../../../../avr/lib/avr5\libc.a(fgetc.o)
 .comment       0x00000030       0x31 c:/program files (x86)/atmel/studio/7.0/toolchain/avr8/avr8-gnu-toolchain/bin/../lib/gcc/avr/5.4.0/../../../../avr/lib/avr5\libc.a(iob.o)
 .comment       0x00000030       0x31 c:/program files (x86)/atmel/studio/7.0/toolchain/avr8/avr8-gnu-toolchain/bin/../lib/gcc/avr/5.4.0/../../../../avr/lib/avr5\libc.a(printf.o)
 .comment       0x00000030       0x31 c:/program files (x86)/atmel/studio/7.0/toolchain/avr8/avr8-gnu-toolchain/bin/../lib/gcc/avr/5.4.0/../../../../avr/lib/avr5\libc.a(printf_p.o)
 .comment       0x00000030       0x31 c:/program files (x86)/atmel/studio/7.0/toolchain/avr8/avr8-gnu-toolchain/bin/../lib/gcc/avr/5.4.0/../../../../avr/lib/avr5\libc.a(putchar.o)
 .comment       0x00000030       0x2c c:/program files (x86)/atmel/studio/7.0/toolchain/avr8/avr8-gnu-toolchain/bin/../lib/gcc/avr/5.4.0/../../../../avr/lib/avr5\libc.a(vfprintf_std.o)
                                 0x2d (size before relaxing)
 .comment       0x0000005c       0x31 c:/program files (x86)/atmel/studio/7.0/toolchain/avr8/avr8-gnu-toolchain/bin/../lib/gcc/avr/5.4.0/../../../../avr/lib/avr5\libc.a(fputc.o)

.note.gnu.avr.deviceinfo
                0x00000000       0x40
 .note.gnu.avr.deviceinfo
                0x00000000       0x40 C:/Program Files (x86)/Atmel/Studio/7.0/Packs/atmel/ATmega_DFP/1.2.132/gcc/dev/atmega324a/avr5/crtatmega324a.o

.note.gnu.build-id
 *(.note.gnu.build-id)

.debug
 *(.debug)

.line
 *(.line)

.debug_srcinfo
 *(.debug_srcinfo)

.debug_sfnames
 *(.debug_sfnames)

.debug_aranges  0x00000000      0x750
 *(.debug_aranges)
 .debug_aranges
                0x00000000       0x38 buttons.o
 .debug_aranges
                0x00000038       0x68 Buzzer.o
 .debug_aranges
                0x000000a0       0x50 EEPROM_Game_Save.o
 .debug_aranges
                0x000000f0       0x78 EEPROM_HighScore.o
 .debug_aranges
                0x00000168       0x48 food.o
 .debug_aranges
                0x000001b0       0x50 game.o
 .debug_aranges
                0x00000200       0x88 ledmatrix.o
 .debug_aranges
                0x00000288       0x38 position.o
 .debug_aranges
                0x000002c0       0x48 project.o
 .debug_aranges
                0x00000308       0x58 rat.o
 .debug_aranges
                0x00000360       0x40 score.o
 .debug_aranges
                0x000003a0       0x28 scrolling_char_display.o
 .debug_aranges
                0x000003c8       0x50 serialio.o
 .debug_aranges
                0x00000418       0xa8 snake.o
 .debug_aranges
                0x000004c0       0x28 spi.o
 .debug_aranges
                0x000004e8       0x60 SuperFood.o
 .debug_aranges
                0x00000548       0xa0 terminalio.o
 .debug_aranges
                0x000005e8       0x50 timer0.o
 .debug_aranges
                0x00000638       0x38 timer1.o
 .debug_aranges
                0x00000670       0x20 C:/Program Files (x86)/Atmel/Studio/7.0/Packs/atmel/ATmega_DFP/1.2.132/gcc/dev/atmega324a/avr5\libatmega324a.a(eerd_block.o)
 .debug_aranges
                0x00000690       0x20 C:/Program Files (x86)/Atmel/Studio/7.0/Packs/atmel/ATmega_DFP/1.2.132/gcc/dev/atmega324a/avr5\libatmega324a.a(eerd_byte.o)
 .debug_aranges
                0x000006b0       0x20 C:/Program Files (x86)/Atmel/Studio/7.0/Packs/atmel/ATmega_DFP/1.2.132/gcc/dev/atmega324a/avr5\libatmega324a.a(eerd_dword.o)
 .debug_aranges
                0x000006d0       0x20 C:/Program Files (x86)/Atmel/Studio/7.0/Packs/atmel/ATmega_DFP/1.2.132/gcc/dev/atmega324a/avr5\libatmega324a.a(eewr_block.o)
 .debug_aranges
                0x000006f0       0x20 C:/Program Files (x86)/Atmel/Studio/7.0/Packs/atmel/ATmega_DFP/1.2.132/gcc/dev/atmega324a/avr5\libatmega324a.a(eewr_byte.o)
 .debug_aranges
                0x00000710       0x20 C:/Program Files (x86)/Atmel/Studio/7.0/Packs/atmel/ATmega_DFP/1.2.132/gcc/dev/atmega324a/avr5\libatmega324a.a(eewr_dword.o)
 .debug_aranges
                0x00000730       0x20 C:/Program Files (x86)/Atmel/Studio/7.0/Packs/atmel/ATmega_DFP/1.2.132/gcc/dev/atmega324a/avr5\libatmega324a.a(eewr_word.o)

.debug_pubnames
 *(.debug_pubnames)

.debug_info     0x00000000     0x65ac
 *(.debug_info .gnu.linkonce.wi.*)
 .debug_info    0x00000000      0x6cc C:/Program Files (x86)/Atmel/Studio/7.0/Packs/atmel/ATmega_DFP/1.2.132/gcc/dev/atmega324a/avr5/crtatmega324a.o
 .debug_info    0x000006cc      0x1a9 buttons.o
 .debug_info    0x00000875      0x318 Buzzer.o
 .debug_info    0x00000b8d      0xa8e EEPROM_Game_Save.o
 .debug_info    0x0000161b      0xb77 EEPROM_HighScore.o
 .debug_info    0x00002192      0x2ae food.o
 .debug_info    0x00002440      0x631 game.o
 .debug_info    0x00002a71      0x530 ledmatrix.o
 .debug_info    0x00002fa1      0x142 position.o
 .debug_info    0x000030e3      0x9b7 project.o
 .debug_info    0x00003a9a      0x5fe rat.o
 .debug_info    0x00004098      0x178 score.o
 .debug_info    0x00004210      0x64d scrolling_char_display.o
 .debug_info    0x0000485d      0x3e9 serialio.o
 .debug_info    0x00004c46      0x65d snake.o
 .debug_info    0x000052a3       0xc1 spi.o
 .debug_info    0x00005364      0x426 SuperFood.o
 .debug_info    0x0000578a      0x5fb terminalio.o
 .debug_info    0x00005d85      0x262 timer0.o
 .debug_info    0x00005fe7      0x10d timer1.o
 .debug_info    0x000060f4       0xad C:/Program Files (x86)/Atmel/Studio/7.0/Packs/atmel/ATmega_DFP/1.2.132/gcc/dev/atmega324a/avr5\libatmega324a.a(eerd_block.o)
 .debug_info    0x000061a1       0xac C:/Program Files (x86)/Atmel/Studio/7.0/Packs/atmel/ATmega_DFP/1.2.132/gcc/dev/atmega324a/avr5\libatmega324a.a(eerd_byte.o)
 .debug_info    0x0000624d       0xad C:/Program Files (x86)/Atmel/Studio/7.0/Packs/atmel/ATmega_DFP/1.2.132/gcc/dev/atmega324a/avr5\libatmega324a.a(eerd_dword.o)
 .debug_info    0x000062fa       0xad C:/Program Files (x86)/Atmel/Studio/7.0/Packs/atmel/ATmega_DFP/1.2.132/gcc/dev/atmega324a/avr5\libatmega324a.a(eewr_block.o)
 .debug_info    0x000063a7       0xac C:/Program Files (x86)/Atmel/Studio/7.0/Packs/atmel/ATmega_DFP/1.2.132/gcc/dev/atmega324a/avr5\libatmega324a.a(eewr_byte.o)
 .debug_info    0x00006453       0xad C:/Program Files (x86)/Atmel/Studio/7.0/Packs/atmel/ATmega_DFP/1.2.132/gcc/dev/atmega324a/avr5\libatmega324a.a(eewr_dword.o)
 .debug_info    0x00006500       0xac C:/Program Files (x86)/Atmel/Studio/7.0/Packs/atmel/ATmega_DFP/1.2.132/gcc/dev/atmega324a/avr5\libatmega324a.a(eewr_word.o)

.debug_abbrev   0x00000000     0x210e
 *(.debug_abbrev)
 .debug_abbrev  0x00000000      0x66e C:/Program Files (x86)/Atmel/Studio/7.0/Packs/atmel/ATmega_DFP/1.2.132/gcc/dev/atmega324a/avr5/crtatmega324a.o
 .debug_abbrev  0x0000066e       0xd6 buttons.o
 .debug_abbrev  0x00000744      0x110 Buzzer.o
 .debug_abbrev  0x00000854      0x16f EEPROM_Game_Save.o
 .debug_abbrev  0x000009c3      0x231 EEPROM_HighScore.o
 .debug_abbrev  0x00000bf4      0x129 food.o
 .debug_abbrev  0x00000d1d      0x1c8 game.o
 .debug_abbrev  0x00000ee5      0x137 ledmatrix.o
 .debug_abbrev  0x0000101c       0x8d position.o
 .debug_abbrev  0x000010a9      0x25c project.o
 .debug_abbrev  0x00001305      0x187 rat.o
 .debug_abbrev  0x0000148c       0xf8 score.o
 .debug_abbrev  0x00001584      0x122 scrolling_char_display.o
 .debug_abbrev  0x000016a6      0x230 serialio.o
 .debug_abbrev  0x000018d6      0x2bf snake.o
 .debug_abbrev  0x00001b95       0x7c spi.o
 .debug_abbrev  0x00001c11      0x17c SuperFood.o
 .debug_abbrev  0x00001d8d      0x10d terminalio.o
 .debug_abbrev  0x00001e9a      0x150 timer0.o
 .debug_abbrev  0x00001fea       0x98 timer1.o
 .debug_abbrev  0x00002082       0x14 C:/Program Files (x86)/Atmel/Studio/7.0/Packs/atmel/ATmega_DFP/1.2.132/gcc/dev/atmega324a/avr5\libatmega324a.a(eerd_block.o)
 .debug_abbrev  0x00002096       0x14 C:/Program Files (x86)/Atmel/Studio/7.0/Packs/atmel/ATmega_DFP/1.2.132/gcc/dev/atmega324a/avr5\libatmega324a.a(eerd_byte.o)
 .debug_abbrev  0x000020aa       0x14 C:/Program Files (x86)/Atmel/Studio/7.0/Packs/atmel/ATmega_DFP/1.2.132/gcc/dev/atmega324a/avr5\libatmega324a.a(eerd_dword.o)
 .debug_abbrev  0x000020be       0x14 C:/Program Files (x86)/Atmel/Studio/7.0/Packs/atmel/ATmega_DFP/1.2.132/gcc/dev/atmega324a/avr5\libatmega324a.a(eewr_block.o)
 .debug_abbrev  0x000020d2       0x14 C:/Program Files (x86)/Atmel/Studio/7.0/Packs/atmel/ATmega_DFP/1.2.132/gcc/dev/atmega324a/avr5\libatmega324a.a(eewr_byte.o)
 .debug_abbrev  0x000020e6       0x14 C:/Program Files (x86)/Atmel/Studio/7.0/Packs/atmel/ATmega_DFP/1.2.132/gcc/dev/atmega324a/avr5\libatmega324a.a(eewr_dword.o)
 .debug_abbrev  0x000020fa       0x14 C:/Program Files (x86)/Atmel/Studio/7.0/Packs/atmel/ATmega_DFP/1.2.132/gcc/dev/atmega324a/avr5\libatmega324a.a(eewr_word.o)

.debug_line     0x00000000     0x3787
 *(.debug_line .debug_line.* .debug_line_end)
 .debug_line    0x00000000      0x151 C:/Program Files (x86)/Atmel/Studio/7.0/Packs/atmel/ATmega_DFP/1.2.132/gcc/dev/atmega324a/avr5/crtatmega324a.o
 .debug_line    0x00000151      0x17d buttons.o
 .debug_line    0x000002ce      0x26e Buzzer.o
 .debug_line    0x0000053c      0x443 EEPROM_Game_Save.o
 .debug_line    0x0000097f      0x4bf EEPROM_HighScore.o
 .debug_line    0x00000e3e      0x213 food.o
 .debug_line    0x00001051      0x2e6 game.o
 .debug_line    0x00001337      0x2ee ledmatrix.o
 .debug_line    0x00001625      0x101 position.o
 .debug_line    0x00001726      0x589 project.o
 .debug_line    0x00001caf      0x309 rat.o
 .debug_line    0x00001fb8      0x126 score.o
 .debug_line    0x000020de      0x244 scrolling_char_display.o
 .debug_line    0x00002322      0x2b9 serialio.o
 .debug_line    0x000025db      0x488 snake.o
 .debug_line    0x00002a63      0x114 spi.o
 .debug_line    0x00002b77      0x272 SuperFood.o
 .debug_line    0x00002de9      0x354 terminalio.o
 .debug_line    0x0000313d      0x1d3 timer0.o
 .debug_line    0x00003310      0x109 timer1.o
 .debug_line    0x00003419       0xab C:/Program Files (x86)/Atmel/Studio/7.0/Packs/atmel/ATmega_DFP/1.2.132/gcc/dev/atmega324a/avr5\libatmega324a.a(eerd_block.o)
 .debug_line    0x000034c4       0x7a C:/Program Files (x86)/Atmel/Studio/7.0/Packs/atmel/ATmega_DFP/1.2.132/gcc/dev/atmega324a/avr5\libatmega324a.a(eerd_byte.o)
 .debug_line    0x0000353e       0x68 C:/Program Files (x86)/Atmel/Studio/7.0/Packs/atmel/ATmega_DFP/1.2.132/gcc/dev/atmega324a/avr5\libatmega324a.a(eerd_dword.o)
 .debug_line    0x000035a6       0x80 C:/Program Files (x86)/Atmel/Studio/7.0/Packs/atmel/ATmega_DFP/1.2.132/gcc/dev/atmega324a/avr5\libatmega324a.a(eewr_block.o)
 .debug_line    0x00003626       0x9e C:/Program Files (x86)/Atmel/Studio/7.0/Packs/atmel/ATmega_DFP/1.2.132/gcc/dev/atmega324a/avr5\libatmega324a.a(eewr_byte.o)
 .debug_line    0x000036c4       0x68 C:/Program Files (x86)/Atmel/Studio/7.0/Packs/atmel/ATmega_DFP/1.2.132/gcc/dev/atmega324a/avr5\libatmega324a.a(eewr_dword.o)
 .debug_line    0x0000372c       0x5b C:/Program Files (x86)/Atmel/Studio/7.0/Packs/atmel/ATmega_DFP/1.2.132/gcc/dev/atmega324a/avr5\libatmega324a.a(eewr_word.o)

.debug_frame    0x00000000      0xff4
 *(.debug_frame)
 .debug_frame   0x00000000       0x90 buttons.o
 .debug_frame   0x00000090       0xd4 Buzzer.o
 .debug_frame   0x00000164       0xec EEPROM_Game_Save.o
 .debug_frame   0x00000250      0x19c EEPROM_HighScore.o
 .debug_frame   0x000003ec       0x90 food.o
 .debug_frame   0x0000047c       0xb4 game.o
 .debug_frame   0x00000530      0x154 ledmatrix.o
 .debug_frame   0x00000684       0x54 position.o
 .debug_frame   0x000006d8      0x100 project.o
 .debug_frame   0x000007d8       0xd8 rat.o
 .debug_frame   0x000008b0       0x64 score.o
 .debug_frame   0x00000914       0x50 scrolling_char_display.o
 .debug_frame   0x00000964       0xfc serialio.o
 .debug_frame   0x00000a60      0x150 snake.o
 .debug_frame   0x00000bb0       0x34 spi.o
 .debug_frame   0x00000be4       0xbc SuperFood.o
 .debug_frame   0x00000ca0      0x234 terminalio.o
 .debug_frame   0x00000ed4       0xcc timer0.o
 .debug_frame   0x00000fa0       0x54 timer1.o

.debug_str      0x00000000     0x1942
 *(.debug_str)
 .debug_str     0x00000000      0x255 C:/Program Files (x86)/Atmel/Studio/7.0/Packs/atmel/ATmega_DFP/1.2.132/gcc/dev/atmega324a/avr5/crtatmega324a.o
 .debug_str     0x00000255      0x1e1 buttons.o
                                0x236 (size before relaxing)
 .debug_str     0x00000436      0x1ec Buzzer.o
                                0x314 (size before relaxing)
 .debug_str     0x00000622      0x4b9 EEPROM_Game_Save.o
                                0x6d5 (size before relaxing)
 .debug_str     0x00000adb      0x273 EEPROM_HighScore.o
                                0x49a (size before relaxing)
 .debug_str     0x00000d4e       0x89 food.o
                                0x24c (size before relaxing)
 .debug_str     0x00000dd7      0x14f game.o
                                0x468 (size before relaxing)
 .debug_str     0x00000f26      0x152 ledmatrix.o
                                0x32d (size before relaxing)
 .debug_str     0x00001078       0x10 position.o
                                0x1c3 (size before relaxing)
 .debug_str     0x00001088      0x2e5 project.o
                                0x6fc (size before relaxing)
 .debug_str     0x0000136d       0x6a rat.o
                                0x330 (size before relaxing)
 .debug_str     0x000013d7       0x20 score.o
                                0x1df (size before relaxing)
 .debug_str     0x000013f7      0x1cb scrolling_char_display.o
                                0x3c1 (size before relaxing)
 .debug_str     0x000015c2       0xda serialio.o
                                0x2e9 (size before relaxing)
 .debug_str     0x0000169c       0xb9 snake.o
                                0x45c (size before relaxing)
 .debug_str     0x00001755       0x18 spi.o
                                0x1a9 (size before relaxing)
 .debug_str     0x0000176d       0x2f SuperFood.o
                                0x345 (size before relaxing)
 .debug_str     0x0000179c       0xf3 terminalio.o
                                0x41f (size before relaxing)
 .debug_str     0x0000188f       0x72 timer0.o
                                0x29f (size before relaxing)
 .debug_str     0x00001901       0x41 timer1.o
                                0x1e1 (size before relaxing)

.debug_loc      0x00000000     0x2cf9
 *(.debug_loc)
 .debug_loc     0x00000000      0x16d buttons.o
 .debug_loc     0x0000016d       0x63 Buzzer.o
 .debug_loc     0x000001d0      0x314 EEPROM_Game_Save.o
 .debug_loc     0x000004e4      0x3eb EEPROM_HighScore.o
 .debug_loc     0x000008cf      0x24e food.o
 .debug_loc     0x00000b1d      0x1fe game.o
 .debug_loc     0x00000d1b      0x54a ledmatrix.o
 .debug_loc     0x00001265       0xa5 position.o
 .debug_loc     0x0000130a      0x55b project.o
 .debug_loc     0x00001865      0x36a rat.o
 .debug_loc     0x00001bcf      0x242 scrolling_char_display.o
 .debug_loc     0x00001e11      0x28b serialio.o
 .debug_loc     0x0000209c      0x228 snake.o
 .debug_loc     0x000022c4       0x59 spi.o
 .debug_loc     0x0000231d      0x1d8 SuperFood.o
 .debug_loc     0x000024f5      0x713 terminalio.o
 .debug_loc     0x00002c08       0xcb timer0.o
 .debug_loc     0x00002cd3       0x26 timer1.o

.debug_macinfo
 *(.debug_macinfo)

.debug_weaknames
 *(.debug_weaknames)

.debug_funcnames
 *(.debug_funcnames)

.debug_typenames
 *(.debug_typenames)

.debug_varnames
 *(.debug_varnames)

.debug_pubtypes
 *(.debug_pubtypes)

.debug_ranges   0x00000000      0x5b8
 *(.debug_ranges)
 .debug_ranges  0x00000000       0x28 buttons.o
 .debug_ranges  0x00000028       0x58 Buzzer.o
 .debug_ranges  0x00000080       0x58 EEPROM_Game_Save.o
 .debug_ranges  0x000000d8       0x80 EEPROM_HighScore.o
 .debug_ranges  0x00000158       0x38 food.o
 .debug_ranges  0x00000190       0x40 game.o
 .debug_ranges  0x000001d0       0x78 ledmatrix.o
 .debug_ranges  0x00000248       0x28 position.o
 .debug_ranges  0x00000270       0x68 project.o
 .debug_ranges  0x000002d8       0x48 rat.o
 .debug_ranges  0x00000320       0x30 score.o
 .debug_ranges  0x00000350       0x18 scrolling_char_display.o
 .debug_ranges  0x00000368       0x40 serialio.o
 .debug_ranges  0x000003a8       0xb0 snake.o
 .debug_ranges  0x00000458       0x18 spi.o
 .debug_ranges  0x00000470       0x50 SuperFood.o
 .debug_ranges  0x000004c0       0x90 terminalio.o
 .debug_ranges  0x00000550       0x40 timer0.o
 .debug_ranges  0x00000590       0x28 timer1.o

.debug_macro
 *(.debug_macro)
OUTPUT(Assignment.elf elf32-avr)
LOAD linker stubs
